// Jest Snapshot v1, https://goo.gl/fbAQLP

exports[`implementation option not specify with node-sass: errors 1`] = `[]`;

exports[`implementation option not specify with node-sass: warnings 1`] = `[]`;
